Posterior Mean
0.3188346533897154
3.374147385443891
0.6290981446626807
2.3937376537712023
0.01829390121146764
0.5174759507402569
0.25131206341302037
0.0204743936366185
0.6535217770293691
